// Jest Snapshot v1, https://goo.gl/fbAQLP

exports[`Download page with wrong response statusCode 1`] = `"Request failed with status code 301"`;

exports[`Download resources with errors Test with no access to the local directory 1`] = `"EEXIST: file already exists, mkdir '/tmp/localwrong-ru_files'"`;

exports[`Download resources with errors Wrong response for tag img 1`] = `"Request failed with status code 404"`;

exports[`Download resources with errors Wrong response for tag link 1`] = `"Request failed with status code 404"`;

exports[`Download resources with errors Wrong response for tag script 1`] = `"Request failed with status code 404"`;
